[
  {
    "name": "The Nameless City (The ...",
    "price": "38.16",
    "error": false
  },
  {
    "name": "The Murder That Never ...",
    "price": "54.11",
    "error": false
  },
  {
    "name": "The Most Perfect Thing: ...",
    "price": "42.96",
    "error": false
  },
  {
    "name": "The Mindfulness and Acceptance ...",
    "price": "23.89",
    "error": false
  },
  {
    "name": "The Life-Changing Magic of ...",
    "price": "16.77",
    "error": false
  },
  {
    "name": "The Inefficiency Assassin: ...",
    "price": "20.59",
    "error": false
  },
  {
    "name": "The Gutsy Girl: Escapades ...",
    "price": "37.13",
    "error": false
  },
  {
    "name": "The Electric Pencil: Drawings ...",
    "price": "56.06",
    "error": false
  },
  {
    "name": "The Death of Humanity: ...",
    "price": "58.11",
    "error": false
  },
  {
    "name": "The Bulletproof Diet: ...",
    "price": "49.05",
    "error": false
  },
  {
    "name": "The Art Forger",
    "price": "40.76",
    "error": false
  },
  {
    "name": "The Age of Genius: ...",
    "price": "19.73",
    "error": false
  },
  {
    "name": "The Activist's Tao Te ...",
    "price": "32.24",
    "error": false
  },
  {
    "name": "Spark Joy: An Illustrated ...",
    "price": "41.83",
    "error": false
  },
  {
    "name": "Soul Reader",
    "price": "39.58",
    "error": false
  },
  {
    "name": "Security",
    "price": "39.25",
    "error": false
  },
  {
    "name": "Saga, Volume 6 (Saga ...",
    "price": "25.02",
    "error": false
  },
  {
    "name": "Saga, Volume 5 (Saga ...",
    "price": "51.04",
    "error": false
  },
  {
    "name": "Reskilling America: Learning ...",
    "price": "19.83",
    "error": false
  },
  {
    "name": "Rat Queens, Vol. 3: ...",
    "price": "50.40",
    "error": false
  }
]