[
  {
    "name": "A Light in the Attic",
    "price": "51.77",
    "error": false
  },
  {
    "name": "Tipping the Velvet",
    "price": "53.74",
    "error": false
  },
  {
    "name": "Soumission",
    "price": "50.10",
    "error": false
  },
  {
    "name": "Sharp Objects",
    "price": "47.82",
    "error": false
  },
  {
    "name": "Sapiens: A Brief History of Humankind",
    "price": "54.23",
    "error": false
  },
  {
    "name": "The Requiem Red",
    "price": "22.65",
    "error": false
  },
  {
    "name": "The Dirty Little Secrets of Getting Your Dream Job",
    "price": "33.34",
    "error": false
  },
  {
    "name": "The Coming Woman: A Novel Based on the Life of the Infamous Feminist, Victoria Woodhull",
    "price": "17.93",
    "error": false
  },
  {
    "name": "The Boys in the Boat: Nine Americans and Their Epic Quest for Gold at the 1936 Berlin Olympics",
    "price": "22.60",
    "error": false
  },
  {
    "name": "The Black Maria",
    "price": "52.15",
    "error": false
  },
  {
    "name": "Starving Hearts (Triangular Trade Trilogy, #1)",
    "price": "13.99",
    "error": false
  },
  {
    "name": "Shakespeare's Sonnets",
    "price": "20.66",
    "error": false
  },
  {
    "name": "Set Me Free",
    "price": "17.46",
    "error": false
  },
  {
    "name": "Scott Pilgrim's Precious Little Life (Scott Pilgrim #1)",
    "price": "52.29",
    "error": false
  },
  {
    "name": "Rip it Up and Start Again",
    "price": "35.02",
    "error": false
  },
  {
    "name": "Our Band Could Be Your Life: Scenes from the American Indie Underground, 1981-1991",
    "price": "57.25",
    "error": false
  },
  {
    "name": "Olio",
    "price": "23.88",
    "error": false
  },
  {
    "name": "Mesaerion: The Best Science Fiction Stories 1800-1849",
    "price": "37.59",
    "error": false
  },
  {
    "name": "Libertarianism for Beginners",
    "price": "51.33",
    "error": false
  },
  {
    "name": "It's Only the Himalayas",
    "price": "45.17",
    "error": false
  }
]