[
  {
    "name": "Išmanusis telefonas Apple MOBILE PHONE IPHONE 16 PLUS/128GB BLACK MXVU3",
    "price": "1119.95",
    "error": false
  },
  {
    "name": "Išmanusis telefonas Apple MOBILE PHONE IPHONE 16 PLUS/256GB BLACK MXWN3",
    "price": "1119.95",
    "error": false
  },
  {
    "name": "Išmanusis telefonas Apple MOBILE PHONE IPHONE 16 PLUS/128GB PINK MXVW3",
    "price": "1107.25",
    "error": false
  },
  {
    "name": "Išmanusis telefonas Apple MOBILE PHONE IPHONE 16 PLUS/128GB WHITE MXVV3",
    "price": "1107.25",
    "error": false
  },
  {
    "name": "Išmanusis telefonas Apple MOBILE PHONE IPHONE 16/256GB PINK MYEG3",
    "price": "1081.85",
    "error": false
  },
  {
    "name": "Išmanusis telefonas Apple MOBILE PHONE IPHONE 16/256GB BLACK MYEE3",
    "price": "1081.85",
    "error": false
  },
  {
    "name": "Išmanusis telefonas Apple MOBILE PHONE IPHONE 16/256GB ULTRAMARINE MYEH3",
    "price": "1081.85",
    "error": false
  },
  {
    "name": "Išmanusis telefonas Apple MOBILE PHONE IPHONE 16/256GB WHITE MYEF3",
    "price": "1081.85",
    "error": false
  },
  {
    "name": "Išmanusis telefonas Apple MOBILE PHONE IPHONE 16/256GB BLUE MPWP3",
    "price": "789.60",
    "error": false
  },
  {
    "name": "Išmanusis telefonas Apple MOBILE PHONE IPHONE 14/256GB YELLOW MR3Y3",
    "price": "789.60",
    "error": false
  },
  {
    "name": "Išmanusis telefonas Apple MOBILE PHONE IPHONE 15/256GB PINK MTP73",
    "price": "953.50",
    "error": false
  },
  {
    "name": "Išmanusis telefonas Apple MOBILE PHONE IPHONE 16/128GB WHITE MYE93",
    "price": "939.55",
    "error": false
  },
  {
    "name": "Išmanusis telefonas Apple MOBILE PHONE IPHONE 16/128GB ULTRAMARINE MYEC3",
    "price": "939.55",
    "error": false
  },
  {
    "name": "Išmanusis telefonas Apple MOBILE PHONE IPHONE 16/128GB PINK MYEA3",
    "price": "939.55",
    "error": false
  },
  {
    "name": "Išmanusis telefonas Apple MOBILE PHONE IPHONE 16/128GB TEAL",
    "price": "1018.98",
    "error": false
  },
  {
    "name": "Išmanusis telefonas Apple MOBILE PHONE IPHONE 16/128GB Ultramarine",
    "price": "1018.98",
    "error": false
  },
  {
    "name": "Išmanusis telefonas Apple MOBILE PHONE IPHONE 16/128GB Black",
    "price": "1018.98",
    "error": false
  },
  {
    "name": "Išmanusis telefonas Apple MOBILE PHONE IPHONE 16/128GB White",
    "price": "1018.98",
    "error": false
  },
  {
    "name": "Išmanusis telefonas Apple MOBILE PHONE IPHONE 16/128GB Pink",
    "price": "1018.98",
    "error": false
  }
]