[
  {
    "name": "Samsung Galaxy Fold6 512GB",
    "price": "",
    "error": false
  },
  {
    "name": "Samsung Galaxy S25 Ultra 5G 512GB Titanium Jet Black",
    "price": "",
    "error": false
  },
  {
    "name": "Samsung Galaxy S25 Ultra 5G 1TB",
    "price": "",
    "error": false
  },
  {
    "name": "Samsung Galaxy S24 Ultra",
    "price": "",
    "error": false
  },
  {
    "name": "Samsung Galaxy S25",
    "price": "",
    "error": false
  },
  {
    "name": "Samsung Galaxy S25 Plus",
    "price": "",
    "error": false
  },
  {
    "name": "Samsung Galaxy S25 Ultra",
    "price": "",
    "error": false
  },
  {
    "name": "Samsung Galaxy S25 Ultra 5G 1TB",
    "price": "1362",
    "error": false
  },
  {
    "name": "Samsung Galaxy Fold6 256GB",
    "price": "1288.99",
    "error": false
  },
  {
    "name": "Samsung Galaxy Fold6 256GB (Pažeista pakuotė)",
    "price": "1270",
    "error": false
  },
  {
    "name": "Samsung Galaxy S25 Ultra 5G 512GB",
    "price": "1109",
    "error": false
  },
  {
    "name": "Samsung Galaxy S25 Plus 5G 512GB",
    "price": "995.98",
    "error": false
  },
  {
    "name": "Samsung Galaxy S25 Plus 5G 256GB",
    "price": "975.98",
    "error": false
  },
  {
    "name": "Samsung Galaxy S25 Ultra 5G 512GB (Pažeista pakuotė)",
    "price": "1090",
    "error": false
  },
  {
    "name": "Samsung Galaxy S25 Ultra 5G 256GB",
    "price": "970",
    "error": false
  },
  {
    "name": "Samsung Galaxy S24 Ultra 5G 256GB",
    "price": "898.99",
    "error": false
  },
  {
    "name": "Samsung Galaxy S24 Ultra 5G 256GB (Pažeista pakuotė)",
    "price": "898.99",
    "error": false
  },
  {
    "name": "Samsung Galaxy Fold4 5G 256GB",
    "price": "869",
    "error": false
  },
  {
    "name": "Samsung Galaxy S25 Plus 5G 256GB",
    "price": "840.2",
    "error": false
  },
  {
    "name": "Samsung Galaxy S25 5G 512GB",
    "price": "800.04",
    "error": false
  },
  {
    "name": "Samsung Galaxy S24 Ultra 5G 256GB (Ekspozicinė prekė)",
    "price": "898.99",
    "error": false
  },
  {
    "name": "Samsung Galaxy Flip6 256GB",
    "price": "781",
    "error": false
  },
  {
    "name": "Samsung Galaxy Fold4 256GB (Damaged Packaging)",
    "price": "759",
    "error": false
  },
  {
    "name": "Samsung Galaxy S24 Ultra 5G 512GB (Naudota prekė)",
    "price": "749",
    "error": false
  },
  {
    "name": "Samsung Galaxy S23 Plus 5G 256GB (Pažeista pakuotė)",
    "price": "",
    "error": false
  },
  {
    "name": "Samsung Galaxy Fold5 256GB (Ekspozicinė prekė)",
    "price": "",
    "error": false
  }
]