[
  {
    "name": "Honor Magic7 Lite 5G (512 GB)",
    "price": "32975",
    "error": false
  },
  {
    "name": "Honor Magic7 PRO 5G (512 GB)",
    "price": "1073594",
    "error": false
  },
  {
    "name": "Honor 200 smart 5G (256 GB)",
    "price": "13123",
    "error": false
  },
  {
    "name": "Honor Magic V3 5G (512 GB)",
    "price": "16521486",
    "error": false
  },
  {
    "name": "Honor Magic 6 Lite5G",
    "price": "18926164",
    "error": false
  }
]