[
  {
    "index": 0,
    "error": true,
    "tags": [
      "error"
    ],
    "content": "'str' object has no attribute 'choices'"
  },
  {
    "name": "iPhone 15 512GB Green Apple",
    "price": "1206.69",
    "error": false
  },
  {
    "name": "iPhone 15 512GB Black Apple",
    "price": "1213.42",
    "error": false
  },
  {
    "name": "iPhone 15 512GB Yellow",
    "price": "",
    "error": false
  },
  {
    "name": "iPhone 13 Pro Max 256GB - Graphite",
    "price": "999",
    "error": false
  },
  {
    "name": "iPhone 13 128GB - Pink",
    "price": "799",
    "error": false
  },
  {
    "name": "Apple iPhone SE (2022) 64GB - White",
    "price": "429",
    "error": false
  },
  {
    "index": 1,
    "error": true,
    "tags": [
      "error"
    ],
    "content": "'list' object has no attribute 'usage'"
  },
  {
    "index": 2,
    "error": true,
    "tags": [
      "error"
    ],
    "content": "'list' object has no attribute 'usage'"
  },
  {
    "name": "iPhone 13 128GB Midnight",
    "price": "514.96",
    "error": false
  },
  {
    "name": "iPhone 11",
    "price": "",
    "error": false
  },
  {
    "name": "iPhone 12",
    "price": "",
    "error": false
  },
  {
    "name": "iPhone 13",
    "price": "",
    "error": false
  },
  {
    "name": "iPhone 14",
    "price": "",
    "error": false
  },
  {
    "name": "iPhone 14 Plus",
    "price": "",
    "error": false
  },
  {
    "name": "iPhone 14 Pro Max",
    "price": "",
    "error": false
  },
  {
    "name": "iPhone 15",
    "price": "",
    "error": false
  },
  {
    "name": "iPhone 15 Plus",
    "price": "",
    "error": false
  },
  {
    "name": "iPhone 15 Pro",
    "price": "",
    "error": false
  },
  {
    "name": "iPhone 15 Pro Max",
    "price": "",
    "error": false
  },
  {
    "name": "iPhone 16",
    "price": "",
    "error": false
  },
  {
    "name": "iPhone 16 Plus",
    "price": "",
    "error": false
  },
  {
    "name": "iPhone 16 Pro",
    "price": "",
    "error": false
  },
  {
    "name": "iPhone 16 Pro Max",
    "price": "",
    "error": false
  },
  {
    "name": "iPhone SE 4",
    "price": "",
    "error": false
  },
  {
    "name": "iPhone SE",
    "price": "",
    "error": false
  }
]