[
  {
    "name": "Samsung Galaxy S25 Ultra Telia 5G Limited Edition 256 gb juoda",
    "price": "1149",
    "error": false
  },
  {
    "name": "Samsung Galaxy S25 Telia 5G Limited Edition 128 gb sidabrinė",
    "price": "909",
    "error": false
  },
  {
    "name": "Samsung Galaxy S25 Ultra 256 gb juoda",
    "price": "1149",
    "error": false
  },
  {
    "name": "Samsung Galaxy S25+ 256 gb mėlyna",
    "price": "1159",
    "error": false
  },
  {
    "name": "Samsung Galaxy S25 128 gb žalia",
    "price": "909",
    "error": false
  },
  {
    "name": "Samsung Galaxy S25",
    "price": "1149",
    "error": false
  },
  {
    "name": "Samsung Galaxy A56 5G 128 gb juoda",
    "price": "295",
    "error": false
  },
  {
    "name": "Samsung Galaxy A26 5G 128 gb juoda",
    "price": "279",
    "error": false
  },
  {
    "name": "Samsung Galaxy A36 5G 128 gb juoda",
    "price": "329",
    "error": false
  },
  {
    "name": "Samsung Galaxy A16 5G 128 gb juoda",
    "price": "149",
    "error": false
  },
  {
    "name": "Samsung Galaxy S24 FE 128 gb žalia",
    "price": "588.99",
    "error": false
  },
  {
    "name": "Samsung Galaxy S24+ 512 gb pilka",
    "price": "999",
    "error": false
  },
  {
    "name": "Samsung Galaxy S24 Ultra 512 gb juoda",
    "price": "1157",
    "error": false
  },
  {
    "name": "Samsung Galaxy S24",
    "price": "698",
    "error": false
  }
]