[
  {
    "name": "Apple iPhone 14 256GB Starlight",
    "price": "1075.99 €",
    "error": false
  },
  {
    "name": "Apple iPhone 14 128GB Yellow",
    "price": "739.99 €",
    "error": false
  }
]