[
  {
    "index": 3,
    "error": true,
    "tags": [
      "error"
    ],
    "content": "'str' object has no attribute 'choices'"
  },
  {
    "index": 2,
    "error": true,
    "tags": [
      "error"
    ],
    "content": "'str' object has no attribute 'choices'"
  },
  {
    "index": 0,
    "error": true,
    "tags": [
      "error"
    ],
    "content": "'str' object has no attribute 'choices'"
  },
  {
    "name": "Samsung Galaxy S25 telefonai",
    "price": "",
    "error": false
  }
]