[
  {
    "name": "Apple iPhone 11 64GB Violetinis",
    "price": "649.99 â‚¬",
    "error": false
  }
]