[
  {
    "index": 0,
    "error": true,
    "tags": [
      "error"
    ],
    "content": "'str' object has no attribute 'choices'"
  },
  {
    "index": 3,
    "error": true,
    "tags": [
      "error"
    ],
    "content": "'list' object has no attribute 'usage'"
  },
  {
    "name": "iPhone 13 128GB Midnight",
    "price": "514.96",
    "error": false
  },
  {
    "name": "iPhone 11",
    "price": "",
    "error": false
  },
  {
    "name": "iPhone 12",
    "price": "",
    "error": false
  },
  {
    "name": "iPhone 13",
    "price": "",
    "error": false
  },
  {
    "name": "iPhone 14",
    "price": "",
    "error": false
  },
  {
    "name": "iPhone 14 Plus",
    "price": "",
    "error": false
  },
  {
    "name": "iPhone 14 Pro Max",
    "price": "",
    "error": false
  },
  {
    "name": "iPhone 15",
    "price": "",
    "error": false
  },
  {
    "name": "iPhone 15 Plus",
    "price": "",
    "error": false
  },
  {
    "name": "iPhone 15 Pro",
    "price": "",
    "error": false
  },
  {
    "name": "iPhone 15 Pro Max",
    "price": "",
    "error": false
  },
  {
    "name": "iPhone 16",
    "price": "",
    "error": false
  },
  {
    "name": "iPhone 16 Plus",
    "price": "",
    "error": false
  },
  {
    "name": "iPhone 16 Pro",
    "price": "",
    "error": false
  },
  {
    "name": "iPhone 16 Pro Max",
    "price": "",
    "error": false
  },
  {
    "index": 5,
    "error": true,
    "tags": [
      "error"
    ],
    "content": "'str' object has no attribute 'choices'"
  },
  {
    "index": 1,
    "error": true,
    "tags": [
      "error"
    ],
    "content": "'list' object has no attribute 'usage'"
  },
  {
    "index": 2,
    "error": true,
    "tags": [
      "error"
    ],
    "content": "'list' object has no attribute 'usage'"
  }
]