[
  {
    "name": "Apple iPhone 13 128GB Midnight",
    "price": "539",
    "error": false
  },
  {
    "name": "Apple iPhone 13 256GB Midnight",
    "price": "696",
    "error": false
  }
]