[
  {
    "name": "Apple iPhone 13 (128GB) - Blue",
    "price": "799",
    "error": false
  },
  {
    "name": "Apple iPhone 13 (256GB) - Black",
    "price": "899",
    "error": false
  },
  {
    "name": "Apple iPhone 12 (64GB) - White",
    "price": "699",
    "error": false
  },
  {
    "name": "Apple iPhone SE (2022) - Red",
    "price": "429",
    "error": false
  },
  {
    "name": "Apple iPhone 13 128GB (Product) RED",
    "price": "629.00",
    "error": false
  },
  {
    "name": "Apple iPhone 13 128GB (PRODUCT)RED",
    "price": "629.00",
    "error": false
  },
  {
    "name": "Apple iPhone 13 256GB (PRODUCT)RED",
    "price": "749.00",
    "error": false
  },
  {
    "name": "Apple iPhone 13 256GB (PRODUCT)RED",
    "price": "749.00",
    "error": false
  },
  {
    "name": "Apple iPhone 13 512GB (PRODUCT)RED",
    "price": "949.00",
    "error": false
  },
  {
    "name": "Apple iPhone 13 512GB (PRODUCT)RED",
    "price": "949.00",
    "error": false
  },
  {
    "name": "MOBILE PHONE IPHONE 16 PRO MAX/1TB NATURAL TITAN. MYX73 APPLE",
    "price": "2025.12 €",
    "error": false
  },
  {
    "name": "MOBILE PHONE IPHONE 16 PRO/256GB DESERT TITAN MYNK3 APPLE",
    "price": "1319.69 €",
    "error": false
  },
  {
    "name": "MOBILE PHONE IPHONE 16 PRO/512GB DESERT TITAN MYNP3 APPLE",
    "price": "1599.20 €",
    "error": false
  },
  {
    "name": "Apple iPhone 16 Plus | Ultramarine | 6.7 \" | Super Retina XDR | 2796 x 1290 pixels | A18 | Internal RAM 8 GB | 128 GB | Dual SIM | 4G | 5G | Main camera resolution 48+12 MP | Secondary camera resolution 12 MP | iOS | 18 Apple # MXVX3HX/A",
    "price": "1112.16 €",
    "error": false
  },
  {
    "name": "Apple iPhone 16 Plus | Pink | 6.7 \" | Super Retina XDR display | 2796 x 1290 pixels | A18 | Internal RAM 8 GB | 512 GB | Dual SIM | 4G | 5G | Main camera resolution 48+12 MP | Secondary camera resolution 12 MP | iOS | 18 Apple # MY253HX/A",
    "price": "1519.30 €",
    "error": false
  },
  {
    "name": "Apple iPhone 16 Pro | Black Titanium | 6.3 \" | Super Retina XDR | 2622 x 1206 pixels | A18 Pro | Internal RAM 8 GB | 256 GB | Dual SIM | 4G | Main camera resolution 48+12 MP | Secondary camera resolution 12 MP | iOS | 18 Apple # MYNH3HX/A",
    "price": "1373.07",
    "error": false
  },
  {
    "name": "Apple iPhone 16 Pro | White Titanium | 6.3 \" | Super Retina XDR display with ProMotion | 2622 x 1206 pixels | A18 Pro | Internal RAM 8 GB | 256 GB | Dual SIM | 4G | 5G | Main camera resolution 48+12 MP | Secondary camera resolution 12 MP | iOS | 18 Apple # MYNJ3HX/A",
    "price": "1373.07",
    "error": false
  },
  {
    "name": "Apple iPhone 16 Pro | Black Titanium | 6.3 \" | Super Retina XDR | 2622 x 1206 pixels | Apple | A18 Pro | Internal RAM 8 GB | 512 GB | Dual SIM | 4G | 5G | Main camera resolution 48+12 MP | Secondary camera resolution 12 MP | iOS | 18 Apple # MYNM3HX/A",
    "price": "1641.47",
    "error": false
  },
  {
    "name": "Apple iPhone 16 Pro 1TB Natural Titanium | Apple Apple # MYNX3HX/A",
    "price": "1920.25",
    "error": false
  },
  {
    "name": "Apple iPhone 16 Pro Max | Black Titanium | 6.9 \" | Super Retina XDR | 2868 x 1320 pixels | A18 Pro | Internal RAM 8 GB | 512 GB | Dual SIM | 4G | Main camera resolution 48+12 MP | Secondary camera resolution 12 MP | iOS | 18 Apple # MYX03HX/A",
    "price": "1769.84",
    "error": false
  },
  {
    "name": "MOBILE PHONE IPHONE 16 PLUS/256GB BLACK MXWN3 APPLE Apple # MXWN3SX/A",
    "price": "1203.89",
    "error": false
  },
  {
    "name": "Apple iPhone 16 | Black | 6.1 \" | Super Retina XDR | 2556 x 1179 pixels | A18 | Internal RAM 8 GB | 512 GB | Dual SIM | 4G | 5G | Main camera resolution 48+12 MP | Secondary camera resolution 12 MP | iOS | 18 Apple # MYEK3HX/A",
    "price": "1358.52",
    "error": false
  },
  {
    "name": "MOBILE PHONE IPHONE 16 PRO MAX/1TB NATURAL TITAN. MYX73 APPLE Apple # MYX73SX/A",
    "price": "2025.12",
    "error": false
  },
  {
    "name": "MOBILE PHONE IPHONE 16 PRO/256GB DESERT TITAN MYNK3 APPLE Apple # MYNK3SX/A",
    "price": "1319.69",
    "error": false
  },
  {
    "name": "MOBILE PHONE IPHONE 16 PRO/512GB DESERT TITAN MYNP3 APPLE Apple # MYNP3SX/A",
    "price": "1599.20",
    "error": false
  },
  {
    "name": "Apple iPhone 16 Plus | Ultramarine | 6.7 \" | Super Retina XDR | 2796 x 1290 pixels | A18 | Internal RAM 8 GB | 128 GB | Dual SIM | 4G | 5G | Main camera resolution 48+12 MP | Secondary camera resolution 12 MP | iOS | 18 Apple # MXVX3HX/A",
    "price": "1112.16",
    "error": false
  },
  {
    "name": "Mobilieji telefonai (Smartphones) ir jų aksesuarai > Apple > iPhone",
    "price": "",
    "error": false
  }
]