[
  {
    "name": "iPhone 14",
    "price": "999",
    "error": false
  },
  {
    "name": "iPhone 14 128GB (Product)RED",
    "price": "849",
    "error": false
  },
  {
    "name": "iPhone 14 128GB Blue",
    "price": "849",
    "error": false
  },
  {
    "name": "iPhone 14 128GB Midnight",
    "price": "849",
    "error": false
  },
  {
    "name": "iPhone 14 128GB Starlight",
    "price": "849",
    "error": false
  },
  {
    "name": "iPhone 14 256GB (Product)RED",
    "price": "999",
    "error": false
  },
  {
    "name": "iPhone 14 256GB Blue",
    "price": "999",
    "error": false
  },
  {
    "name": "iPhone 14 256GB Midnight",
    "price": "999",
    "error": false
  },
  {
    "name": "iPhone 14 256GB Starlight",
    "price": "999",
    "error": false
  },
  {
    "name": "Mobilusis telefonas Apple iPhone 14 128GB Yellow",
    "price": "758,00 €",
    "error": false
  },
  {
    "name": "Mobilusis telefonas Apple iPhone 14, 128 GB, raudona",
    "price": "",
    "error": false
  },
  {
    "name": "Mobilusis telefonas Apple iPhone 14, 128 GB, violetinė",
    "price": "",
    "error": false
  },
  {
    "name": "Mobilusis telefonas Apple iPhone 14, 256 GB, balta",
    "price": "",
    "error": false
  },
  {
    "name": "Mobilusis telefonas Apple iPhone 14, 128 GB, midnight",
    "price": "",
    "error": false
  },
  {
    "name": "Mobilusis telefonas Apple iPhone 14, 256GB Yellow",
    "price": "",
    "error": false
  },
  {
    "name": "Mobilusis telefonas Apple iPhone 14, 128 GB, aukso",
    "price": "",
    "error": false
  },
  {
    "name": "Mobilusis telefonas Apple iPhone 14, 512GB Yellow",
    "price": "",
    "error": false
  },
  {
    "name": "Mobilusis telefonas Apple iPhone 14 256GB Yellow",
    "price": "",
    "error": false
  },
  {
    "name": "Mobilusis telefonas Apple iPhone 14, 128 GB, midnight",
    "price": "",
    "error": false
  },
  {
    "name": "Mobilusis telefonas Apple iPhone 14 Pro Max 512GB Space Black",
    "price": "",
    "error": false
  },
  {
    "name": "Mobilusis telefonas Apple iPhone 14 Pro 256GB Space Black",
    "price": "",
    "error": false
  },
  {
    "name": "Mobilusis telefonas Apple iPhone 14 512GB Blue",
    "price": "",
    "error": false
  },
  {
    "name": "Mobilusis telefonas Apple iPhone 14 Pro Max 256GB Silver",
    "price": "",
    "error": false
  },
  {
    "name": "Mobilusis telefonas Apple iPhone 14 Pro 128GB Space Black",
    "price": "",
    "error": false
  },
  {
    "name": "Mobilusis telefonas Apple iPhone 14 Pro Max 128GB Gold",
    "price": "",
    "error": false
  },
  {
    "name": "Mobilusis telefonas Apple iPhone 14 512GB Midnight",
    "price": "",
    "error": false
  },
  {
    "name": "Mobilusis telefonas Apple iPhone 14 256GB Purple",
    "price": "",
    "error": false
  },
  {
    "name": "Mobilusis telefonas Apple iPhone 14 128GB Blue",
    "price": "",
    "error": false
  },
  {
    "name": "Mobilusis telefonas Apple iPhone 14 128GB Purple",
    "price": "",
    "error": false
  },
  {
    "name": "Mobilusis telefonas Apple iPhone 14 Pro 512GB Silver",
    "price": "",
    "error": false
  },
  {
    "name": "Mobilusis telefonas Apple iPhone 14 512GB RED",
    "price": "",
    "error": false
  },
  {
    "name": "Mobilusis telefonas Apple iPhone 14 Pro Max 512GB Deep Purple",
    "price": "",
    "error": false
  }
]