[
  {
    "name": "iPhone 13 128GB (Black)",
    "price": "699",
    "error": false
  },
  {
    "name": "iPhone 12 64GB (White)",
    "price": "599",
    "error": false
  },
  {
    "name": "iPhone SE 2022 128GB (Red)",
    "price": "499",
    "error": false
  },
  {
    "name": "Apple REFURBISHED | iPhone SE 2nd Gen | Black | 64GB | Grade A | SE2Black64A",
    "price": "175,15 €",
    "error": false
  },
  {
    "name": "Apple REFURBISHED | iPhone SE (3rd Gen) | Midnight | 64GB | Grade C | SE3RDMIDNIGHT64C",
    "price": "235,80 €",
    "error": false
  },
  {
    "name": "Apple REFURBISHED Grade C | iPhone 12 | Blue | 6.1 \" | Super Retina XDR OLED | 2532 x 1170 pixels | Internal RAM 4 GB | 64 GB | Dual SIM | 4G | 5G | Main camera resolution 12+12 MP | Secondary camera resolution 12 MP | iOS | 18 | 2815 mAh | 12Blue64C",
    "price": "249,30 €",
    "error": false
  },
  {
    "name": "Apple REFURBISHED | iPhone SE (3rd Gen) | Midnight | 64GB | Grade B | SE3RDMIDNIGHT64B",
    "price": "256,00 €",
    "error": false
  },
  {
    "name": "Apple REFURBISHED Grade B | iPhone 12 | Black | 6.1 \" | Super Retina XDR OLED | 2532 x 1170 pixels | Internal RAM 4 GB | 64 GB | Dual SIM | 4G | 5G | Main camera resolution 12+12 MP | Secondary camera resolution 12 MP | iOS | 18 | 2815 mAh | 12Black64B",
    "price": "305,20 €",
    "error": false
  },
  {
    "name": "Apple REFURBISHED Grade A | iPhone 12 | Blue | 6.1 \" | Super Retina XDR OLED | 2532 x 1170 pixels | Internal RAM 4 GB | 64 GB | Dual SIM | 4G | 5G | Main camera resolution 12+12 MP | Secondary camera resolution 12 MP | iOS | 18 | 2815 mAh | 12Blue64B",
    "price": "313,30 €",
    "error": false
  },
  {
    "name": "Apple REFURBISHED | iPhone 12 | Blue | 6.1 \" | Super Retina XDR OLED | 2532 x 1170 pixels | Internal RAM 4 GB | 64 GB | Dual SIM | 4G | 5G | Main camera resolution 12+12 MP | Secondary camera resolution 12 MP | iOS | 18 | 2815 mAh | 12Blue64C",
    "price": "249,30 €",
    "error": false
  },
  {
    "index": 2,
    "error": true,
    "tags": [
      "error"
    ],
    "content": "'str' object has no attribute 'choices'"
  },
  {
    "index": 4,
    "error": true,
    "tags": [
      "error"
    ],
    "content": "'str' object has no attribute 'choices'"
  },
  {
    "index": 1,
    "error": true,
    "tags": [
      "error"
    ],
    "content": "'list' object has no attribute 'usage'"
  },
  {
    "name": "Apple | iPhone 15 | Black | 6.1 \" | Super Retina XDR | 2556 x 1179 pixels | A16 Bionic | Internal RAM 6 GB | 128 GB | Dual SIM | 4G | Main camera resolution 48+12 MP | Secondary camera resolution 12 MP | iOS | 17 | MTP03PX/A",
    "price": "795,45 €",
    "error": false
  },
  {
    "name": "Apple iPhone 15 128GB Pink | Apple | MTP13PX/A",
    "price": "795,45 €",
    "error": false
  },
  {
    "index": 5,
    "error": true,
    "tags": [
      "error"
    ],
    "content": "'str' object has no attribute 'choices'"
  }
]