[
  {
    "name": "iPhone 15 Pro Max",
    "price": "1499",
    "error": false
  },
  {
    "name": "Telefonas Apple iPhone 15 Pro Max 256GB Natural Titanium",
    "price": "1959490485318",
    "error": false
  },
  {
    "name": "Telefonas Apple iPhone 16 Pro Max 256GB Black Titanium",
    "price": "1959498056916",
    "error": false
  },
  {
    "name": "Telefonas Apple iPhone 15 128GB Black",
    "price": "1959490359824",
    "error": false
  },
  {
    "name": "Telefonas Apple iPhone 16 Pro 128GB Desert Titanium",
    "price": "1959497714602",
    "error": false
  }
]